====================================================================================================
Lint Check Report
Questa Lint  Version 2021.1 4558100 win64 28-Jan-2021

Timestamp            : Fri Mar 13 02:40:14 2026
Description          : Report for referring checks count, check violations details, and  design information
Design               : DSP
Database             : C:/Users/kerol/Desktop/folders/DSP_project/lint.db
Design Quality Score : 100%

Sections:
   Section 1 : Check Summary
   Section 2 : Check Details
   Section 3 : Design Information
====================================================================================================


====================================================================================================
Section 1 : Check Summary
====================================================================================================
-------------
| Error (0) |
-------------

---------------
| Warning (0) |
---------------

------------
| Info (9) |
------------
  line_char_large                         : 8
  multi_ports_in_single_line              : 1

----------------
| Resolved (0) |
----------------


====================================================================================================
Section 2 : Check Details
====================================================================================================
-------------
| Error (0) |
-------------


---------------
| Warning (0) |
---------------


------------
| Info (9) |
------------

Check: line_char_large [Category: Rtl Design Style] (8)
       [Message: Line has more characters than the specified limit. Current Count '<count>', Specified Limit '<limit>', File '<file>', Line '<line>'.]
-------------------------------------------------------------------------------------------------------------------------------------------------------
line_char_large: [uninspected] Line has more characters than the specified limit. Current Count '127', Specified Limit '110', File 'C:/Users/kerol/Desktop/folders/DSP_project/DSP.v', Line '56'.

line_char_large: [uninspected] Line has more characters than the specified limit. Current Count '114', Specified Limit '110', File 'C:/Users/kerol/Desktop/folders/DSP_project/DSP.v', Line '77'.

line_char_large: [uninspected] Line has more characters than the specified limit. Current Count '122', Specified Limit '110', File 'C:/Users/kerol/Desktop/folders/DSP_project/DSP.v', Line '95'.

line_char_large: [uninspected] Line has more characters than the specified limit. Current Count '111', Specified Limit '110', File 'C:/Users/kerol/Desktop/folders/DSP_project/DSP.v', Line '96'.

line_char_large: [uninspected] Line has more characters than the specified limit. Current Count '156', Specified Limit '110', File 'C:/Users/kerol/Desktop/folders/DSP_project/DSP.v', Line '158'.

line_char_large: [uninspected] Line has more characters than the specified limit. Current Count '132', Specified Limit '110', File 'C:/Users/kerol/Desktop/folders/DSP_project/DSP.v', Line '163'.

line_char_large: [uninspected] Line has more characters than the specified limit. Current Count '154', Specified Limit '110', File 'C:/Users/kerol/Desktop/folders/DSP_project/DSP.v', Line '168'.

line_char_large: [uninspected] Line has more characters than the specified limit. Current Count '116', Specified Limit '110', File 'C:/Users/kerol/Desktop/folders/DSP_project/DSP.v', Line '174'.


Check: multi_ports_in_single_line [Category: Rtl Design Style] (1)
       [Message: Multiple ports are declared in one line. Module '<module>', File '<file>', Line '<line>'.]
------------------------------------------------------------------------------------------------------------
multi_ports_in_single_line: [uninspected] Multiple ports are declared in one line. Module 'DSP', File 'C:/Users/kerol/Desktop/folders/DSP_project/DSP.v', Line '38'.
    1 more occurrence at: line 39.



----------------
| Resolved (0) |
----------------



====================================================================================================
Section 3 : Design Information
====================================================================================================
-----------
| Summary |
-----------
  Register Bits                           : 196
  Latch Bits                              : 0
  User-specified Blackboxes               : 0
  Inferred Blackboxes                     : 0
  Empty Modules                           : 0
  Unresolved Modules                      : 0
  Hierarchical IPs                        : 0

