# 
# Questa Static Verification System
# Version 2021.1 4558100 win64 28-Jan-2021

log created Fri Mar 13 02:40:40 2026 by kerol on DESKTOP-LD9ABFH


# 
# Questa Static Verification System
# Version 2021.1 4558100 win64 28-Jan-2021

log created Fri Mar 13 02:39:50 2026 by kerol on DESKTOP-LD9ABFH


Command: netlist elaborate
Command arguments:
    -zdb C:/Users/kerol/Desktop/folders/DSP_project/qcache/DB/zdb_1
    -tool lint
    -d DSP
    -L work

Questa Debug flags:
 4300:  lint_gui_mode        (Default False)


## Elaborating Design...
Reading MTI mapping for library mapping
Writing all MTI mappings to vmap output ...

Top level modules:
	DSP

Analyzing design...
-- Loading module z0in_work.DSP

Performing 103 Lint Checks
=============================

Lint Stage 1 of 5 - Pre Design Elaboration (4 checks)
------------------------------------------------------
-- Loading module z0in_work.REG_pipe
Optimizing 7 design-units (inlining 0/12 module instances):
-- Optimizing module z0in_work.REG_pipe(fast)
Lint Stage-1 100% complete [Total Progress -   7%]

Lint Stage 2 of 5 - Design Elaboration (66 checks)
---------------------------------------------------
-- Optimizing module z0in_work.REG_pipe(fast__1)
Lint Stage-2  14% complete (1 out of 7 modules checked) [Total Progress -   7%]
-- Optimizing module z0in_work.REG_pipe(fast__2)
Lint Stage-2  29% complete (2 out of 7 modules checked) [Total Progress -  10%]
-- Optimizing module z0in_work.REG_pipe(fast__3)
Lint Stage-2  43% complete (3 out of 7 modules checked) [Total Progress -  12%]
-- Optimizing module z0in_work.REG_pipe(fast__4)
Lint Stage-2  57% complete (4 out of 7 modules checked) [Total Progress -  15%]
-- Optimizing module z0in_work.REG_pipe(fast__5)
Lint Stage-2  71% complete (5 out of 7 modules checked) [Total Progress -  17%]
-- Optimizing module z0in_work.DSP(fast)
Lint Stage-2  86% complete (6 out of 7 modules checked) [Total Progress -  20%]
Optimized design name is zi_opt_def_922045000_1
Lint Stage-2 100% complete (7 out of 7 modules checked) [Total Progress -  23%]
End of log Fri Mar 13 02:40:00 2026


# 
# Questa Static Verification System
# Version 2021.1 4558100 win64 28-Jan-2021

log created Fri Mar 13 02:40:03 2026 by kerol on DESKTOP-LD9ABFH


Command: netlist create
Command arguments:
    -zdb C:/Users/kerol/Desktop/folders/DSP_project/qcache/DB/zdb_1
    -tool lint
    -d DSP
    -L work

Questa Debug flags:
 4300:  lint_gui_mode        (Default False)


## Synthesizing netlist...

Lint Stage 3 of 5 - Post Design Elaboration (17 checks)
--------------------------------------------------------
Lint Stage-3  24% complete [Total Progress -  27%]
Lint Stage-3  47% complete [Total Progress -  29%]
Lint Stage-3  71% complete [Total Progress -  32%]
Lint Stage-3  94% complete [Total Progress -  34%]
Lint Stage-3 100% complete [Total Progress -  35%]
Analyzing designs.
Elaborating module 'REG_pipe'.
Elaborating module 'REG_pipe(1)'.
Elaborating module 'REG_pipe(2)'.
Elaborating module 'REG_pipe(3)'.
Elaborating module 'REG_pipe(4)'.
Elaborating module 'REG_pipe(5)'.
Elaborating module 'DSP'.

Lint Stage 4 of 5 - Design Synthesis (1 checks)
------------------------------------------------
Lint Stage-4 100% complete [Total Progress -  75%]

Lint Stage 5 of 5 - Post Design Synthesis (15 checks)
------------------------------------------------------
Lint Stage-5  20% complete [Total Progress -  88%]
Lint Stage-5  40% complete [Total Progress -  91%]
Lint Stage-5  60% complete [Total Progress -  94%]
Lint Stage-5  80% complete [Total Progress -  97%]
Lint Stage-5 100% complete [Total Progress - 100%]

Lint Checking Completed
##Time Taken (Synthesis) = 2506.000000 ticks = 2.506000 secs

End of log Fri Mar 13 02:40:14 2026


# Reading design database from C:/Users/kerol/Desktop/folders/DSP_project/qcache/LINT/CACHE...completed (0.012 (s)).
End of log Fri Mar 13 02:40:17 2026


# 
# Questa Static Verification System
# Version 2021.1 4558100 win64 28-Jan-2021

log created Fri Mar 13 02:40:18 2026 by kerol on DESKTOP-LD9ABFH


Questa Debug flags:
 4300:  lint_gui_mode        (Default False)


## Applying Lint Waivers...
Final Process Statistics: Max memory 276MB, CPU time 29s, Total time 35s
End of log Fri Mar 13 02:40:32 2026


Result Summary
-----------------------------------------------------------
Error (0)
-----------------------------------------------------------

-----------------------------------------------------------
Warning (0)
-----------------------------------------------------------

-----------------------------------------------------------
Info (9)
-----------------------------------------------------------
  line_char_large                         :8
  multi_ports_in_single_line              :1

-----------------------------------------------------------
Resolved (0)
-----------------------------------------------------------

# Generating Debug Information...

=================================================================
To view results in batch
  C:/Users/kerol/Desktop/folders/DSP_project/lint.rpt

To view results in GUI (Beta Version) 
  qverify C:/Users/kerol/Desktop/folders/DSP_project/lint.db
=================================================================
