================================================================================
== Profile: REAL-TIME, CPU-freq = 0.00 GHz
                                                          Calls Real-Time  Parent 
                                                                   (secs) fraction

    <zixl_543IiP35>~_zixl                                                1 25569125604.0 (100.0%)
  zixl_z57-ZAiL~_zixl                                                    1 25569125604.0         
    zixl_iSe2-4IPr155~_zixl                                              1 4786064350.0 ( 18.7%)
      zixl_tP42-1eAyPIA2iPL~_zixl                                        1 3947605018.0 ( 82.5%)
        zixl_tP42-ZAiL~_zixl                                             1 3271310244.0 ( 82.9%)
          zixl_bgV-NIAL5eA2iPL~_zixl                                     1 1561951832.0 ( 47.7%)
            zixl_V91rdrP41 [R]~_zixl                                   123 104376963.0 (  6.7%)
            zixl_iSe2-2IAL5eA21-tePq~_zixl                               7 66777773.0 (  4.3%)
              zixl_2IAL5eA2iLq~_zixl                                     7 63945133.0 ( 95.8%)
                zixl_2IAL5eA21-tePq~_zixl                                7 23331718.0 ( 36.5%)
                <zixl_I152>~_zixl                                          40449019.0 ( 63.3%)
              <zixl_I152>~_zixl                                            2832640.0 (  4.2%)
            <zixl_I152>~_zixl                                              1390797096.0 ( 89.0%)
          zixl_eiL2-4I1-1eAy-rAeeyAr8~_zixl                             21 231545873.0 (  7.1%)
            zixl_V91rdrP41 [E]~_zixl                                    11 19146782.0 (  8.3%)
            <zixl_I152>~_zixl                                              212399091.0 ( 91.7%)
          <zixl_I152>~_zixl                                                1474760913.0 ( 45.1%)
        <zixl_I152>~_zixl                                                  676294774.0 ( 17.1%)
      zixl_bgV-I152PI1-UPI8-ZA44iLq~_zixl                                1 272661756.0 (  5.7%)
      zixl_5At1-tP42-SA2A~_zixl                                          1 87594583.0 (  1.8%)
        zixl_iSe2-5At1~_zixl                                             1 87551401.0 (100.0%)
          zixl_42-5At1~_zixl                                             7 59477589.0 ( 67.9%)
          zixl_iSe2-32q-5At1~_zixl                                       1 16176476.0 ( 18.5%)
          zixl_4rSy-5At1-iL21IZ1SiA21~_zixl                              1 4394918.0 (  5.0%)
          <zixl_I152>~_zixl                                                7502418.0 (  8.6%)
      <zixl_I152>~_zixl                                                    444988320.0 (  9.3%)
    <zixl_I152>~_zixl                                                      20783014988.0 ( 81.3%)


================================================================================
== Profile: PEAK-MEMORY, CPU-freq = 0.00 GHz
                                                          Calls   Peak-Mb         
                                                                                  

